INFO:src.graph.nodes:Coordinator talking.
WARNING:langchain_google_genai.chat_models:Retrying langchain_google_genai.chat_models._chat_with_retry.<locals>._chat_with_retry in 2.0 seconds as it raised ResourceExhausted: 429 You exceeded your current quota, please check your plan and billing details. For more information on this error, head to: https://ai.google.dev/gemini-api/docs/rate-limits. To monitor your current usage, head to: https://ai.dev/rate-limit. 
* Quota exceeded for metric: generativelanguage.googleapis.com/generate_content_free_tier_requests, limit: 20, model: gemini-3-flash
Please retry in 14.509500811s. [links {
  description: "Learn more about Gemini API quotas"
  url: "https://ai.google.dev/gemini-api/docs/rate-limits"
}
, violations {
  quota_metric: "generativelanguage.googleapis.com/generate_content_free_tier_requests"
  quota_id: "GenerateRequestsPerDayPerProjectPerModel-FreeTier"
  quota_dimensions {
    key: "model"
    value: "gemini-3-flash"
  }
  quota_dimensions {
    key: "location"
    value: "global"
  }
  quota_value: 20
}
, retry_delay {
  seconds: 14
}
].
WARNING:langchain_google_genai.chat_models:Retrying langchain_google_genai.chat_models._chat_with_retry.<locals>._chat_with_retry in 4.0 seconds as it raised ResourceExhausted: 429 You exceeded your current quota, please check your plan and billing details. For more information on this error, head to: https://ai.google.dev/gemini-api/docs/rate-limits. To monitor your current usage, head to: https://ai.dev/rate-limit. 
* Quota exceeded for metric: generativelanguage.googleapis.com/generate_content_free_tier_requests, limit: 20, model: gemini-3-flash
Please retry in 12.391033462s. [links {
  description: "Learn more about Gemini API quotas"
  url: "https://ai.google.dev/gemini-api/docs/rate-limits"
}
, violations {
  quota_metric: "generativelanguage.googleapis.com/generate_content_free_tier_requests"
  quota_id: "GenerateRequestsPerDayPerProjectPerModel-FreeTier"
  quota_dimensions {
    key: "model"
    value: "gemini-3-flash"
  }
  quota_dimensions {
    key: "location"
    value: "global"
  }
  quota_value: 20
}
, retry_delay {
  seconds: 12
}
].
WARNING:langchain_google_genai.chat_models:Retrying langchain_google_genai.chat_models._chat_with_retry.<locals>._chat_with_retry in 8.0 seconds as it raised ResourceExhausted: 429 You exceeded your current quota, please check your plan and billing details. For more information on this error, head to: https://ai.google.dev/gemini-api/docs/rate-limits. To monitor your current usage, head to: https://ai.dev/rate-limit. 
* Quota exceeded for metric: generativelanguage.googleapis.com/generate_content_free_tier_requests, limit: 20, model: gemini-3-flash
Please retry in 8.28927818s. [links {
  description: "Learn more about Gemini API quotas"
  url: "https://ai.google.dev/gemini-api/docs/rate-limits"
}
, violations {
  quota_metric: "generativelanguage.googleapis.com/generate_content_free_tier_requests"
  quota_id: "GenerateRequestsPerDayPerProjectPerModel-FreeTier"
  quota_dimensions {
    key: "model"
    value: "gemini-3-flash"
  }
  quota_dimensions {
    key: "location"
    value: "global"
  }
  quota_value: 20
}
, retry_delay {
  seconds: 8
}
].
WARNING:langchain_google_genai.chat_models:Retrying langchain_google_genai.chat_models._chat_with_retry.<locals>._chat_with_retry in 16.0 seconds as it raised ResourceExhausted: 429 You exceeded your current quota, please check your plan and billing details. For more information on this error, head to: https://ai.google.dev/gemini-api/docs/rate-limits. To monitor your current usage, head to: https://ai.dev/rate-limit. 
* Quota exceeded for metric: generativelanguage.googleapis.com/generate_content_free_tier_requests, limit: 20, model: gemini-3-flash
Please retry in 162.125229ms. [links {
  description: "Learn more about Gemini API quotas"
  url: "https://ai.google.dev/gemini-api/docs/rate-limits"
}
, violations {
  quota_metric: "generativelanguage.googleapis.com/generate_content_free_tier_requests"
  quota_id: "GenerateRequestsPerDayPerProjectPerModel-FreeTier"
  quota_dimensions {
    key: "model"
    value: "gemini-3-flash"
  }
  quota_dimensions {
    key: "location"
    value: "global"
  }
  quota_value: 20
}
, retry_delay {
}
].
WARNING:langchain_google_genai.chat_models:Retrying langchain_google_genai.chat_models._chat_with_retry.<locals>._chat_with_retry in 32.0 seconds as it raised ResourceExhausted: 429 You exceeded your current quota, please check your plan and billing details. For more information on this error, head to: https://ai.google.dev/gemini-api/docs/rate-limits. To monitor your current usage, head to: https://ai.dev/rate-limit. 
* Quota exceeded for metric: generativelanguage.googleapis.com/generate_content_free_tier_requests, limit: 20, model: gemini-3-flash
Please retry in 44.050316708s. [links {
  description: "Learn more about Gemini API quotas"
  url: "https://ai.google.dev/gemini-api/docs/rate-limits"
}
, violations {
  quota_metric: "generativelanguage.googleapis.com/generate_content_free_tier_requests"
  quota_id: "GenerateRequestsPerDayPerProjectPerModel-FreeTier"
  quota_dimensions {
    key: "model"
    value: "gemini-3-flash"
  }
  quota_dimensions {
    key: "location"
    value: "global"
  }
  quota_value: 20
}
, retry_delay {
  seconds: 44
}
].
Traceback (most recent call last):
  File "C:\github\deer-flow-quickstart\test_hang.py", line 24, in main
    async for chunk in graph.astream(state_input, config=config):
  File "C:\github\deer-flow-quickstart\.venv\Lib\site-packages\langgraph\pregel\main.py", line 2939, in astream
    async for _ in runner.atick(
  File "C:\github\deer-flow-quickstart\.venv\Lib\site-packages\langgraph\pregel\_runner.py", line 295, in atick
    await arun_with_retry(
  File "C:\github\deer-flow-quickstart\.venv\Lib\site-packages\langgraph\pregel\_retry.py", line 137, in arun_with_retry
    return await task.proc.ainvoke(task.input, config)
           ^^^^^^^^^^^^^^^^^^^^^^^^^^^^^^^^^^^^^^^^^^^
  File "C:\github\deer-flow-quickstart\.venv\Lib\site-packages\langgraph\_internal\_runnable.py", line 706, in ainvoke
    input = await asyncio.create_task(
            ^^^^^^^^^^^^^^^^^^^^^^^^^^
  File "C:\github\deer-flow-quickstart\.venv\Lib\site-packages\langgraph\_internal\_runnable.py", line 474, in ainvoke
    ret = await self.afunc(*args, **kwargs)
          ^^^^^^^^^^^^^^^^^^^^^^^^^^^^^^^^^
  File "C:\github\deer-flow-quickstart\.venv\Lib\site-packages\langchain_core\runnables\config.py", line 611, in run_in_executor
    return await asyncio.get_running_loop().run_in_executor(
           ^^^^^^^^^^^^^^^^^^^^^^^^^^^^^^^^^^^^^^^^^^^^^^^^^
  File "C:\Users\rende\.pyenv\pyenv-win\versions\3.12.10\Lib\concurrent\futures\thread.py", line 59, in run
    result = self.fn(*self.args, **self.kwargs)
             ^^^^^^^^^^^^^^^^^^^^^^^^^^^^^^^^^^
  File "C:\github\deer-flow-quickstart\.venv\Lib\site-packages\langchain_core\runnables\config.py", line 602, in wrapper
    return func(*args, **kwargs)
           ^^^^^^^^^^^^^^^^^^^^^
  File "C:\github\deer-flow-quickstart\src\graph\nodes.py", line 249, in coordinator_node
    .invoke(messages)
     ^^^^^^^^^^^^^^^^
  File "C:\github\deer-flow-quickstart\.venv\Lib\site-packages\langchain_core\runnables\base.py", line 5710, in invoke
    return self.bound.invoke(
           ^^^^^^^^^^^^^^^^^^
  File "C:\github\deer-flow-quickstart\.venv\Lib\site-packages\langchain_google_genai\chat_models.py", line 1490, in invoke
    return super().invoke(input, config, stop=stop, **kwargs)
           ^^^^^^^^^^^^^^^^^^^^^^^^^^^^^^^^^^^^^^^^^^^^^^^^^^
  File "C:\github\deer-flow-quickstart\.venv\Lib\site-packages\langchain_core\language_models\chat_models.py", line 395, in invoke
    self.generate_prompt(
  File "C:\github\deer-flow-quickstart\.venv\Lib\site-packages\langchain_core\language_models\chat_models.py", line 1023, in generate_prompt
    return self.generate(prompt_messages, stop=stop, callbacks=callbacks, **kwargs)
           ^^^^^^^^^^^^^^^^^^^^^^^^^^^^^^^^^^^^^^^^^^^^^^^^^^^^^^^^^^^^^^^^^^^^^^^^
  File "C:\github\deer-flow-quickstart\.venv\Lib\site-packages\langchain_core\language_models\chat_models.py", line 840, in generate
    self._generate_with_cache(
  File "C:\github\deer-flow-quickstart\.venv\Lib\site-packages\langchain_core\language_models\chat_models.py", line 1089, in _generate_with_cache
    result = self._generate(
             ^^^^^^^^^^^^^^^
  File "C:\github\deer-flow-quickstart\.venv\Lib\site-packages\langchain_google_genai\chat_models.py", line 1597, in _generate
    response: GenerateContentResponse = _chat_with_retry(
                                        ^^^^^^^^^^^^^^^^^
  File "C:\github\deer-flow-quickstart\.venv\Lib\site-packages\langchain_google_genai\chat_models.py", line 247, in _chat_with_retry
    return _chat_with_retry(**params)
           ^^^^^^^^^^^^^^^^^^^^^^^^^^
  File "C:\github\deer-flow-quickstart\.venv\Lib\site-packages\tenacity\__init__.py", line 338, in wrapped_f
    return copy(f, *args, **kw)
           ^^^^^^^^^^^^^^^^^^^^
  File "C:\github\deer-flow-quickstart\.venv\Lib\site-packages\tenacity\__init__.py", line 477, in __call__
    do = self.iter(retry_state=retry_state)
         ^^^^^^^^^^^^^^^^^^^^^^^^^^^^^^^^^^
  File "C:\github\deer-flow-quickstart\.venv\Lib\site-packages\tenacity\__init__.py", line 378, in iter
    result = action(retry_state)
             ^^^^^^^^^^^^^^^^^^^
  File "C:\github\deer-flow-quickstart\.venv\Lib\site-packages\tenacity\__init__.py", line 420, in exc_check
    raise retry_exc.reraise()
          ^^^^^^^^^^^^^^^^^^^
  File "C:\github\deer-flow-quickstart\.venv\Lib\site-packages\tenacity\__init__.py", line 187, in reraise
    raise self.last_attempt.result()
          ^^^^^^^^^^^^^^^^^^^^^^^^^^
  File "C:\Users\rende\.pyenv\pyenv-win\versions\3.12.10\Lib\concurrent\futures\_base.py", line 449, in result
    return self.__get_result()
           ^^^^^^^^^^^^^^^^^^^
  File "C:\Users\rende\.pyenv\pyenv-win\versions\3.12.10\Lib\concurrent\futures\_base.py", line 401, in __get_result
    raise self._exception
  File "C:\github\deer-flow-quickstart\.venv\Lib\site-packages\tenacity\__init__.py", line 480, in __call__
    result = fn(*args, **kwargs)
             ^^^^^^^^^^^^^^^^^^^
  File "C:\github\deer-flow-quickstart\.venv\Lib\site-packages\langchain_google_genai\chat_models.py", line 236, in _chat_with_retry
    raise e
  File "C:\github\deer-flow-quickstart\.venv\Lib\site-packages\langchain_google_genai\chat_models.py", line 216, in _chat_with_retry
    return generation_method(**kwargs)
           ^^^^^^^^^^^^^^^^^^^^^^^^^^^
  File "C:\github\deer-flow-quickstart\.venv\Lib\site-packages\google\ai\generativelanguage_v1beta\services\generative_service\client.py", line 868, in generate_content
    response = rpc(
               ^^^^
  File "C:\github\deer-flow-quickstart\.venv\Lib\site-packages\google\api_core\gapic_v1\method.py", line 131, in __call__
    return wrapped_func(*args, **kwargs)
           ^^^^^^^^^^^^^^^^^^^^^^^^^^^^^
  File "C:\github\deer-flow-quickstart\.venv\Lib\site-packages\google\api_core\retry\retry_unary.py", line 294, in retry_wrapped_func
    return retry_target(
           ^^^^^^^^^^^^^
  File "C:\github\deer-flow-quickstart\.venv\Lib\site-packages\google\api_core\retry\retry_unary.py", line 156, in retry_target
    next_sleep = _retry_error_helper(
                 ^^^^^^^^^^^^^^^^^^^^
  File "C:\github\deer-flow-quickstart\.venv\Lib\site-packages\google\api_core\retry\retry_base.py", line 214, in _retry_error_helper
    raise final_exc from source_exc
  File "C:\github\deer-flow-quickstart\.venv\Lib\site-packages\google\api_core\retry\retry_unary.py", line 147, in retry_target
    result = target()
             ^^^^^^^^
  File "C:\github\deer-flow-quickstart\.venv\Lib\site-packages\google\api_core\timeout.py", line 130, in func_with_timeout
    return func(*args, **kwargs)
           ^^^^^^^^^^^^^^^^^^^^^
  File "C:\github\deer-flow-quickstart\.venv\Lib\site-packages\google\api_core\grpc_helpers.py", line 78, in error_remapped_callable
    raise exceptions.from_grpc_error(exc) from exc
google.api_core.exceptions.ResourceExhausted: 429 You exceeded your current quota, please check your plan and billing details. For more information on this error, head to: https://ai.google.dev/gemini-api/docs/rate-limits. To monitor your current usage, head to: https://ai.dev/rate-limit. 
* Quota exceeded for metric: generativelanguage.googleapis.com/generate_content_free_tier_requests, limit: 20, model: gemini-3-flash
Please retry in 11.933639791s. [links {
  description: "Learn more about Gemini API quotas"
  url: "https://ai.google.dev/gemini-api/docs/rate-limits"
}
, violations {
  quota_metric: "generativelanguage.googleapis.com/generate_content_free_tier_requests"
  quota_id: "GenerateRequestsPerDayPerProjectPerModel-FreeTier"
  quota_dimensions {
    key: "model"
    value: "gemini-3-flash"
  }
  quota_dimensions {
    key: "location"
    value: "global"
  }
  quota_value: 20
}
, retry_delay {
  seconds: 11
}
]
During task with name 'coordinator' and id '30a63d32-56da-2dff-9bce-6f27dde2d798'
Graph built. Starting execution...
